// Jest Snapshot v1, https://goo.gl/fbAQLP

exports[`EsBreadcrumb <EsBreadcrumb /> 1`] = `"<ol class="breadcrumb"></ol>"`;
