// Jest Snapshot v1, https://goo.gl/fbAQLP

exports[`EsFileThumbnail <EsFileThumbnail /> 1`] = `
"<div>
  <div class="mobile-preview d-block d-md-none">
    <div class="card thumbnail-border">
      <div class="row p-3 align-items-center">
        <div class="col-2">
          <!---->
          <!---->
        </div>
        <div class="p-0 col-8">
          <div class="font-weight-bolder text-gray-800 pl-0">
            test.png
          </div>
        </div>
        <div class="col-2"><a aria-label="close-file-mobile" href="#" target="_self" class="text-gray-900 float-right icon-button"><svg xmlns="http://www.w3.org/2000/svg" viewBox="0 0 24 24" fill="currentColor" style="height: 24px; width: 24px;">
              <path d="M18.62 5.081h3.384c.598 0 .996.399.996.996s-.398.995-.995.995H20.91l-1.494 13.24c-.1.697-.398 1.394-.995 1.892-.598.497-1.294.796-2.09.796H7.57c-.698 0-1.395-.299-1.992-.796-.597-.498-.896-1.195-.995-1.892L3.09 7.072H1.994c-.597 0-.995-.398-.995-.995s.398-.996.995-.996H5.38l1.095-2.29c.2-.497.597-.995 1.095-1.293C8.068 1.199 8.566 1 9.163 1h5.674c.597 0 1.095.2 1.593.498s.896.697 1.095 1.294l1.095 2.29Z" fill="none"></path>
              <path d="M22.005 5.081H18.62l-1.095-2.29c-.2-.596-.597-.995-1.095-1.293-.498-.299-.996-.498-1.593-.498H9.163c-.597 0-1.095.2-1.593.498a2.752 2.752 0 0 0-1.095 1.294L5.38 5.082H1.995c-.597 0-.995.398-.995.995s.398.995.995.995H3.09l1.494 13.24c.1.697.398 1.394.995 1.892.597.497 1.294.796 1.991.796h8.76c.797 0 1.494-.299 2.09-.796.598-.498.897-1.195.996-1.892l1.494-13.24h1.095c.597 0 .995-.398.995-.995s-.398-.996-.995-.996ZM8.267 3.588c0-.1.2-.298.398-.298.1-.1.299-.2.498-.2h5.575c.199 0 .298.1.497.2.2.1.299.199.399.398l.696 1.393H7.57l.697-1.493Zm9.158 16.525c0 .2-.1.398-.298.597-.2.2-.498.3-.697.3H7.57c-.299 0-.498-.1-.697-.3-.199-.1-.298-.398-.298-.597L5.08 7.073h13.84l-1.494 13.04Z"></path>
              <path d="M13.941 17.027a.998.998 0 0 0 .996-.995v-4.978c0-.597-.398-.995-.996-.995-.597 0-.995.398-.995.995v4.978c0 .597.398.995.995.995Zm-3.981 0a.997.997 0 0 0 .995-.995v-4.978c0-.597-.398-.995-.996-.995-.597 0-.995.398-.995.995v4.978c0 .597.398.995.995.995Z"></path>
            </svg></a></div>
      </div>
      <div class="row px-3 pb-3 align-items-center">
        <div class="col-2"></div>
        <div class="pl-0 col-10">
          <!---->
        </div>
      </div>
    </div>
  </div>
  <div class="desktop-preview d-none d-md-block">
    <div class="thumbnail-outer-wrapper">
      <div class="float-right d-flex">
        <!---->
        <div class="pt-2"></div>
      </div> <a aria-label="show-preview-desktop" href="#" target="_self" tabindex="-1" aria-disabled="true" class="text-decoration-none text-gray-800 disabled">
        <div class="card thumbnail-inner-wrapper">
          <div class="h-100 d-flex align-items-center justify-content-center">
            <div><svg viewBox="0 0 100 100" height="65px" width="65px">
                <circle cx="50" cy="50" stroke-width="5" r="45%" class="inner-circle"></circle>
                <!----> <text x="50%" y="52%" dominant-baseline="middle" alignment-baseline="middle" text-anchor="middle" class="font-weight-boldest text-gray-700 font-size-base">
                  0%
                </text>
              </svg></div>
          </div>
        </div>
      </a>
    </div>
    <div class="font-weight-bolder pt-2 pt-md-3">
      test.png
    </div>
    <!---->
  </div>
</div>"
`;

exports[`EsFileThumbnail <EsFileThumbnail /> default prop values 1`] = `
"<div>
  <div class="mobile-preview d-block d-md-none">
    <div class="card thumbnail-border">
      <div class="row p-3 align-items-center">
        <div class="col-2">
          <!---->
          <!---->
        </div>
        <div class="p-0 col-8">
          <div class="font-weight-bolder text-gray-800 pl-0">
            test.png
          </div>
        </div>
        <div class="col-2"><a aria-label="close-file-mobile" href="#" target="_self" class="text-gray-900 float-right icon-button"><svg xmlns="http://www.w3.org/2000/svg" viewBox="0 0 24 24" fill="currentColor" style="height: 24px; width: 24px;">
              <path d="M18.62 5.081h3.384c.598 0 .996.399.996.996s-.398.995-.995.995H20.91l-1.494 13.24c-.1.697-.398 1.394-.995 1.892-.598.497-1.294.796-2.09.796H7.57c-.698 0-1.395-.299-1.992-.796-.597-.498-.896-1.195-.995-1.892L3.09 7.072H1.994c-.597 0-.995-.398-.995-.995s.398-.996.995-.996H5.38l1.095-2.29c.2-.497.597-.995 1.095-1.293C8.068 1.199 8.566 1 9.163 1h5.674c.597 0 1.095.2 1.593.498s.896.697 1.095 1.294l1.095 2.29Z" fill="none"></path>
              <path d="M22.005 5.081H18.62l-1.095-2.29c-.2-.596-.597-.995-1.095-1.293-.498-.299-.996-.498-1.593-.498H9.163c-.597 0-1.095.2-1.593.498a2.752 2.752 0 0 0-1.095 1.294L5.38 5.082H1.995c-.597 0-.995.398-.995.995s.398.995.995.995H3.09l1.494 13.24c.1.697.398 1.394.995 1.892.597.497 1.294.796 1.991.796h8.76c.797 0 1.494-.299 2.09-.796.598-.498.897-1.195.996-1.892l1.494-13.24h1.095c.597 0 .995-.398.995-.995s-.398-.996-.995-.996ZM8.267 3.588c0-.1.2-.298.398-.298.1-.1.299-.2.498-.2h5.575c.199 0 .298.1.497.2.2.1.299.199.399.398l.696 1.393H7.57l.697-1.493Zm9.158 16.525c0 .2-.1.398-.298.597-.2.2-.498.3-.697.3H7.57c-.299 0-.498-.1-.697-.3-.199-.1-.298-.398-.298-.597L5.08 7.073h13.84l-1.494 13.04Z"></path>
              <path d="M13.941 17.027a.998.998 0 0 0 .996-.995v-4.978c0-.597-.398-.995-.996-.995-.597 0-.995.398-.995.995v4.978c0 .597.398.995.995.995Zm-3.981 0a.997.997 0 0 0 .995-.995v-4.978c0-.597-.398-.995-.996-.995-.597 0-.995.398-.995.995v4.978c0 .597.398.995.995.995Z"></path>
            </svg></a></div>
      </div>
      <div class="row px-3 pb-3 align-items-center">
        <div class="col-2"></div>
        <div class="pl-0 col-10">
          <!---->
        </div>
      </div>
    </div>
  </div>
  <div class="desktop-preview d-none d-md-block">
    <div class="thumbnail-outer-wrapper">
      <div class="float-right d-flex">
        <!---->
        <div class="pt-2"></div>
      </div> <a aria-label="show-preview-desktop" href="#" target="_self" tabindex="-1" aria-disabled="true" class="text-decoration-none text-gray-800 disabled">
        <div class="card thumbnail-inner-wrapper">
          <div class="h-100 d-flex align-items-center justify-content-center">
            <div><svg viewBox="0 0 100 100" height="65px" width="65px">
                <circle cx="50" cy="50" stroke-width="5" r="45%" class="inner-circle"></circle>
                <!----> <text x="50%" y="52%" dominant-baseline="middle" alignment-baseline="middle" text-anchor="middle" class="font-weight-boldest text-gray-700 font-size-base">
                  0%
                </text>
              </svg></div>
          </div>
        </div>
      </a>
    </div>
    <div class="font-weight-bolder pt-2 pt-md-3">
      test.png
    </div>
    <!---->
  </div>
</div>"
`;
