// Jest Snapshot v1, https://goo.gl/fbAQLP

exports[`EsHorizontalList <EsHorizontalList /> 1`] = `
"<div class=\\"horizontal-scroll-wrapper overflow-hidden\\">
  <div id=\\"testId\\" class=\\"horizontal-scroll-container d-flex overflow-hidden\\">
    <div>Test</div>
  </div>
  <!---->
</div>"
`;
