// Jest Snapshot v1, https://goo.gl/fbAQLP

exports[`EsRating <EsRating /> 1`] = `"<output dir="ltr" tabindex="0" role="slider" aria-readonly="true" aria-live="off" aria-valuemin="1" aria-valuemax="5" aria-valuenow="0.001" class="b-rating form-control align-items-center bg-transparent rounded-0 text-orange d-inline-flex border-0 readonly" data-testid="rating-test" id="__BVID__4"><span class="b-rating-star flex-grow-1 focused b-rating-star-empty"><span class="b-rating-icon"><svg xmlns="http://www.w3.org/2000/svg" viewBox="0 0 20 20" fill="white" style="height: 20px; width: 20px;"><path d="M10 1.30198L12.0661 6.26946C12.2101 6.61569 12.5357 6.85226 12.9095 6.88223L18.2723 7.31216L14.1864 10.8122C13.9016 11.0561 13.7773 11.4389 13.8643 11.8037L15.1126 17.0368L10.5213 14.2325C10.2012 14.037 9.79876 14.037 9.47874 14.2325L4.88743 17.0368L6.13574 11.8037C6.22275 11.4389 6.09838 11.0561 5.81359 10.8122L1.72769 7.31216L7.0905 6.88223C7.46429 6.85226 7.7899 6.61569 7.93391 6.26946L10 1.30198Z" stroke="currentColor" stroke-linejoin="round"></path></svg></span></span><span class="b-rating-star flex-grow-1 b-rating-star-empty"><span class="b-rating-icon"><svg xmlns="http://www.w3.org/2000/svg" viewBox="0 0 20 20" fill="white" style="height: 20px; width: 20px;"><path d="M10 1.30198L12.0661 6.26946C12.2101 6.61569 12.5357 6.85226 12.9095 6.88223L18.2723 7.31216L14.1864 10.8122C13.9016 11.0561 13.7773 11.4389 13.8643 11.8037L15.1126 17.0368L10.5213 14.2325C10.2012 14.037 9.79876 14.037 9.47874 14.2325L4.88743 17.0368L6.13574 11.8037C6.22275 11.4389 6.09838 11.0561 5.81359 10.8122L1.72769 7.31216L7.0905 6.88223C7.46429 6.85226 7.7899 6.61569 7.93391 6.26946L10 1.30198Z" stroke="currentColor" stroke-linejoin="round"></path></svg></span></span><span class="b-rating-star flex-grow-1 b-rating-star-empty"><span class="b-rating-icon"><svg xmlns="http://www.w3.org/2000/svg" viewBox="0 0 20 20" fill="white" style="height: 20px; width: 20px;"><path d="M10 1.30198L12.0661 6.26946C12.2101 6.61569 12.5357 6.85226 12.9095 6.88223L18.2723 7.31216L14.1864 10.8122C13.9016 11.0561 13.7773 11.4389 13.8643 11.8037L15.1126 17.0368L10.5213 14.2325C10.2012 14.037 9.79876 14.037 9.47874 14.2325L4.88743 17.0368L6.13574 11.8037C6.22275 11.4389 6.09838 11.0561 5.81359 10.8122L1.72769 7.31216L7.0905 6.88223C7.46429 6.85226 7.7899 6.61569 7.93391 6.26946L10 1.30198Z" stroke="currentColor" stroke-linejoin="round"></path></svg></span></span><span class="b-rating-star flex-grow-1 b-rating-star-empty"><span class="b-rating-icon"><svg xmlns="http://www.w3.org/2000/svg" viewBox="0 0 20 20" fill="white" style="height: 20px; width: 20px;"><path d="M10 1.30198L12.0661 6.26946C12.2101 6.61569 12.5357 6.85226 12.9095 6.88223L18.2723 7.31216L14.1864 10.8122C13.9016 11.0561 13.7773 11.4389 13.8643 11.8037L15.1126 17.0368L10.5213 14.2325C10.2012 14.037 9.79876 14.037 9.47874 14.2325L4.88743 17.0368L6.13574 11.8037C6.22275 11.4389 6.09838 11.0561 5.81359 10.8122L1.72769 7.31216L7.0905 6.88223C7.46429 6.85226 7.7899 6.61569 7.93391 6.26946L10 1.30198Z" stroke="currentColor" stroke-linejoin="round"></path></svg></span></span><span class="b-rating-star flex-grow-1 b-rating-star-empty"><span class="b-rating-icon"><svg xmlns="http://www.w3.org/2000/svg" viewBox="0 0 20 20" fill="white" style="height: 20px; width: 20px;"><path d="M10 1.30198L12.0661 6.26946C12.2101 6.61569 12.5357 6.85226 12.9095 6.88223L18.2723 7.31216L14.1864 10.8122C13.9016 11.0561 13.7773 11.4389 13.8643 11.8037L15.1126 17.0368L10.5213 14.2325C10.2012 14.037 9.79876 14.037 9.47874 14.2325L4.88743 17.0368L6.13574 11.8037C6.22275 11.4389 6.09838 11.0561 5.81359 10.8122L1.72769 7.31216L7.0905 6.88223C7.46429 6.85226 7.7899 6.61569 7.93391 6.26946L10 1.30198Z" stroke="currentColor" stroke-linejoin="round"></path></svg></span></span></output>"`;

exports[`EsRating B-form-rating component exists 1`] = `"<output dir="ltr" tabindex="0" role="slider" aria-readonly="true" aria-live="off" aria-valuemin="1" aria-valuemax="5" aria-valuenow="0.001" class="b-rating form-control align-items-center bg-transparent rounded-0 text-orange d-inline-flex border-0 readonly" data-testid="rating-test"><span class="b-rating-star flex-grow-1 focused b-rating-star-empty"><span class="b-rating-icon"><svg xmlns="http://www.w3.org/2000/svg" viewBox="0 0 20 20" fill="white" style="height: 20px; width: 20px;"><path d="M10 1.30198L12.0661 6.26946C12.2101 6.61569 12.5357 6.85226 12.9095 6.88223L18.2723 7.31216L14.1864 10.8122C13.9016 11.0561 13.7773 11.4389 13.8643 11.8037L15.1126 17.0368L10.5213 14.2325C10.2012 14.037 9.79876 14.037 9.47874 14.2325L4.88743 17.0368L6.13574 11.8037C6.22275 11.4389 6.09838 11.0561 5.81359 10.8122L1.72769 7.31216L7.0905 6.88223C7.46429 6.85226 7.7899 6.61569 7.93391 6.26946L10 1.30198Z" stroke="currentColor" stroke-linejoin="round"></path></svg></span></span><span class="b-rating-star flex-grow-1 b-rating-star-empty"><span class="b-rating-icon"><svg xmlns="http://www.w3.org/2000/svg" viewBox="0 0 20 20" fill="white" style="height: 20px; width: 20px;"><path d="M10 1.30198L12.0661 6.26946C12.2101 6.61569 12.5357 6.85226 12.9095 6.88223L18.2723 7.31216L14.1864 10.8122C13.9016 11.0561 13.7773 11.4389 13.8643 11.8037L15.1126 17.0368L10.5213 14.2325C10.2012 14.037 9.79876 14.037 9.47874 14.2325L4.88743 17.0368L6.13574 11.8037C6.22275 11.4389 6.09838 11.0561 5.81359 10.8122L1.72769 7.31216L7.0905 6.88223C7.46429 6.85226 7.7899 6.61569 7.93391 6.26946L10 1.30198Z" stroke="currentColor" stroke-linejoin="round"></path></svg></span></span><span class="b-rating-star flex-grow-1 b-rating-star-empty"><span class="b-rating-icon"><svg xmlns="http://www.w3.org/2000/svg" viewBox="0 0 20 20" fill="white" style="height: 20px; width: 20px;"><path d="M10 1.30198L12.0661 6.26946C12.2101 6.61569 12.5357 6.85226 12.9095 6.88223L18.2723 7.31216L14.1864 10.8122C13.9016 11.0561 13.7773 11.4389 13.8643 11.8037L15.1126 17.0368L10.5213 14.2325C10.2012 14.037 9.79876 14.037 9.47874 14.2325L4.88743 17.0368L6.13574 11.8037C6.22275 11.4389 6.09838 11.0561 5.81359 10.8122L1.72769 7.31216L7.0905 6.88223C7.46429 6.85226 7.7899 6.61569 7.93391 6.26946L10 1.30198Z" stroke="currentColor" stroke-linejoin="round"></path></svg></span></span><span class="b-rating-star flex-grow-1 b-rating-star-empty"><span class="b-rating-icon"><svg xmlns="http://www.w3.org/2000/svg" viewBox="0 0 20 20" fill="white" style="height: 20px; width: 20px;"><path d="M10 1.30198L12.0661 6.26946C12.2101 6.61569 12.5357 6.85226 12.9095 6.88223L18.2723 7.31216L14.1864 10.8122C13.9016 11.0561 13.7773 11.4389 13.8643 11.8037L15.1126 17.0368L10.5213 14.2325C10.2012 14.037 9.79876 14.037 9.47874 14.2325L4.88743 17.0368L6.13574 11.8037C6.22275 11.4389 6.09838 11.0561 5.81359 10.8122L1.72769 7.31216L7.0905 6.88223C7.46429 6.85226 7.7899 6.61569 7.93391 6.26946L10 1.30198Z" stroke="currentColor" stroke-linejoin="round"></path></svg></span></span><span class="b-rating-star flex-grow-1 b-rating-star-empty"><span class="b-rating-icon"><svg xmlns="http://www.w3.org/2000/svg" viewBox="0 0 20 20" fill="white" style="height: 20px; width: 20px;"><path d="M10 1.30198L12.0661 6.26946C12.2101 6.61569 12.5357 6.85226 12.9095 6.88223L18.2723 7.31216L14.1864 10.8122C13.9016 11.0561 13.7773 11.4389 13.8643 11.8037L15.1126 17.0368L10.5213 14.2325C10.2012 14.037 9.79876 14.037 9.47874 14.2325L4.88743 17.0368L6.13574 11.8037C6.22275 11.4389 6.09838 11.0561 5.81359 10.8122L1.72769 7.31216L7.0905 6.88223C7.46429 6.85226 7.7899 6.61569 7.93391 6.26946L10 1.30198Z" stroke="currentColor" stroke-linejoin="round"></path></svg></span></span></output>"`;
