// Jest Snapshot v1, https://goo.gl/fbAQLP

exports[`EsVerificationCode <EsVerificationCode /> 1`] = `
"<div role="group" class="input-group code-holder justify-content-center">
  <!----><input id="codeInput_0" name="codeInput_0" type="tel" autocomplete="off" class="code-input text-center font-size-300 font-size-lg-500 mr-50 mr-lg-100 font-weight-bold px-100 px-lg-150 py-150 form-control" novalidate="novalidate" pattern="[0-9]*" maxlength="1" aria-autocomplete="none" aria-label="digit 0 of 5"><input id="codeInput_1" name="codeInput_1" type="tel" autocomplete="off" class="code-input text-center font-size-300 font-size-lg-500 mr-50 mr-lg-100 font-weight-bold px-100 px-lg-150 py-150 form-control" novalidate="novalidate" pattern="[0-9]*" maxlength="1" aria-autocomplete="none" aria-label="digit 1 of 5"><input id="codeInput_2" name="codeInput_2" type="tel" autocomplete="off" class="code-input text-center font-size-300 font-size-lg-500 mr-50 mr-lg-100 font-weight-bold px-100 px-lg-150 py-150 form-control" novalidate="novalidate" pattern="[0-9]*" maxlength="1" aria-autocomplete="none" aria-label="digit 2 of 5"><input id="codeInput_3" name="codeInput_3" type="tel" autocomplete="off" class="code-input text-center font-size-300 font-size-lg-500 mr-50 mr-lg-100 font-weight-bold px-100 px-lg-150 py-150 form-control" novalidate="novalidate" pattern="[0-9]*" maxlength="1" aria-autocomplete="none" aria-label="digit 3 of 5"><input id="codeInput_4" name="codeInput_4" type="tel" autocomplete="off" class="code-input text-center font-size-300 font-size-lg-500 mr-50 mr-lg-100 font-weight-bold px-100 px-lg-150 py-150 form-control" novalidate="novalidate" pattern="[0-9]*" maxlength="1" aria-autocomplete="none" aria-label="digit 4 of 5">
  <!---->
</div>"
`;

exports[`EsVerificationCode <EsVerificationCode emits input /> 1`] = `
"<div role="group" class="input-group code-holder justify-content-center">
  <!----><input id="codeInput_0" name="codeInput_0" type="tel" autocomplete="off" class="code-input text-center font-size-300 font-size-lg-500 mr-50 mr-lg-100 font-weight-bold px-100 px-lg-150 py-150 form-control" novalidate="novalidate" pattern="[0-9]*" maxlength="1" aria-autocomplete="none" aria-label="digit 0 of 5"><input id="codeInput_1" name="codeInput_1" type="tel" autocomplete="off" class="code-input text-center font-size-300 font-size-lg-500 mr-50 mr-lg-100 font-weight-bold px-100 px-lg-150 py-150 form-control" novalidate="novalidate" pattern="[0-9]*" maxlength="1" aria-autocomplete="none" aria-label="digit 1 of 5"><input id="codeInput_2" name="codeInput_2" type="tel" autocomplete="off" class="code-input text-center font-size-300 font-size-lg-500 mr-50 mr-lg-100 font-weight-bold px-100 px-lg-150 py-150 form-control" novalidate="novalidate" pattern="[0-9]*" maxlength="1" aria-autocomplete="none" aria-label="digit 2 of 5"><input id="codeInput_3" name="codeInput_3" type="tel" autocomplete="off" class="code-input text-center font-size-300 font-size-lg-500 mr-50 mr-lg-100 font-weight-bold px-100 px-lg-150 py-150 form-control" novalidate="novalidate" pattern="[0-9]*" maxlength="1" aria-autocomplete="none" aria-label="digit 3 of 5"><input id="codeInput_4" name="codeInput_4" type="tel" autocomplete="off" class="code-input text-center font-size-300 font-size-lg-500 mr-50 mr-lg-100 font-weight-bold px-100 px-lg-150 py-150 form-control" novalidate="novalidate" pattern="[0-9]*" maxlength="1" aria-autocomplete="none" aria-label="digit 4 of 5">
  <!---->
</div>"
`;

exports[`EsVerificationCode <EsVerificationCode emits valid-code false when invalid /> 1`] = `
"<div role="group" class="input-group code-holder justify-content-center">
  <!----><input id="codeInput_0" name="codeInput_0" type="tel" autocomplete="off" class="code-input text-center font-size-300 font-size-lg-500 mr-50 mr-lg-100 font-weight-bold px-100 px-lg-150 py-150 form-control" novalidate="novalidate" pattern="[0-9]*" maxlength="1" aria-autocomplete="none" aria-label="digit 0 of 5"><input id="codeInput_1" name="codeInput_1" type="tel" autocomplete="off" class="code-input text-center font-size-300 font-size-lg-500 mr-50 mr-lg-100 font-weight-bold px-100 px-lg-150 py-150 form-control" novalidate="novalidate" pattern="[0-9]*" maxlength="1" aria-autocomplete="none" aria-label="digit 1 of 5"><input id="codeInput_2" name="codeInput_2" type="tel" autocomplete="off" class="code-input text-center font-size-300 font-size-lg-500 mr-50 mr-lg-100 font-weight-bold px-100 px-lg-150 py-150 form-control" novalidate="novalidate" pattern="[0-9]*" maxlength="1" aria-autocomplete="none" aria-label="digit 2 of 5"><input id="codeInput_3" name="codeInput_3" type="tel" autocomplete="off" class="code-input text-center font-size-300 font-size-lg-500 mr-50 mr-lg-100 font-weight-bold px-100 px-lg-150 py-150 form-control" novalidate="novalidate" pattern="[0-9]*" maxlength="1" aria-autocomplete="none" aria-label="digit 3 of 5"><input id="codeInput_4" name="codeInput_4" type="tel" autocomplete="off" class="code-input text-center font-size-300 font-size-lg-500 mr-50 mr-lg-100 font-weight-bold px-100 px-lg-150 py-150 form-control" novalidate="novalidate" pattern="[0-9]*" maxlength="1" aria-autocomplete="none" aria-label="digit 4 of 5">
  <!---->
</div>"
`;

exports[`EsVerificationCode <EsVerificationCode emits valid-code true when valid /> 1`] = `
"<div role="group" class="input-group code-holder justify-content-center">
  <!----><input id="codeInput_0" name="codeInput_0" type="tel" autocomplete="off" class="code-input text-center font-size-300 font-size-lg-500 mr-50 mr-lg-100 font-weight-bold px-100 px-lg-150 py-150 form-control" novalidate="novalidate" pattern="[0-9]*" maxlength="1" aria-autocomplete="none" aria-label="digit 0 of 5"><input id="codeInput_1" name="codeInput_1" type="tel" autocomplete="off" class="code-input text-center font-size-300 font-size-lg-500 mr-50 mr-lg-100 font-weight-bold px-100 px-lg-150 py-150 form-control" novalidate="novalidate" pattern="[0-9]*" maxlength="1" aria-autocomplete="none" aria-label="digit 1 of 5"><input id="codeInput_2" name="codeInput_2" type="tel" autocomplete="off" class="code-input text-center font-size-300 font-size-lg-500 mr-50 mr-lg-100 font-weight-bold px-100 px-lg-150 py-150 form-control" novalidate="novalidate" pattern="[0-9]*" maxlength="1" aria-autocomplete="none" aria-label="digit 2 of 5"><input id="codeInput_3" name="codeInput_3" type="tel" autocomplete="off" class="code-input text-center font-size-300 font-size-lg-500 mr-50 mr-lg-100 font-weight-bold px-100 px-lg-150 py-150 form-control" novalidate="novalidate" pattern="[0-9]*" maxlength="1" aria-autocomplete="none" aria-label="digit 3 of 5"><input id="codeInput_4" name="codeInput_4" type="tel" autocomplete="off" class="code-input text-center font-size-300 font-size-lg-500 mr-50 mr-lg-100 font-weight-bold px-100 px-lg-150 py-150 form-control" novalidate="novalidate" pattern="[0-9]*" maxlength="1" aria-autocomplete="none" aria-label="digit 4 of 5">
  <!---->
</div>"
`;

exports[`EsVerificationCode <EsVerificationCode has the correct number of inputs /> 1`] = `
"<div role="group" class="input-group code-holder justify-content-center">
  <!----><input id="codeInput_0" name="codeInput_0" type="tel" autocomplete="off" class="code-input text-center font-size-300 font-size-lg-500 mr-50 mr-lg-100 font-weight-bold px-100 px-lg-150 py-150 form-control" novalidate="novalidate" pattern="[0-9]*" maxlength="1" aria-autocomplete="none" aria-label="digit 0 of 5"><input id="codeInput_1" name="codeInput_1" type="tel" autocomplete="off" class="code-input text-center font-size-300 font-size-lg-500 mr-50 mr-lg-100 font-weight-bold px-100 px-lg-150 py-150 form-control" novalidate="novalidate" pattern="[0-9]*" maxlength="1" aria-autocomplete="none" aria-label="digit 1 of 5"><input id="codeInput_2" name="codeInput_2" type="tel" autocomplete="off" class="code-input text-center font-size-300 font-size-lg-500 mr-50 mr-lg-100 font-weight-bold px-100 px-lg-150 py-150 form-control" novalidate="novalidate" pattern="[0-9]*" maxlength="1" aria-autocomplete="none" aria-label="digit 2 of 5"><input id="codeInput_3" name="codeInput_3" type="tel" autocomplete="off" class="code-input text-center font-size-300 font-size-lg-500 mr-50 mr-lg-100 font-weight-bold px-100 px-lg-150 py-150 form-control" novalidate="novalidate" pattern="[0-9]*" maxlength="1" aria-autocomplete="none" aria-label="digit 3 of 5"><input id="codeInput_4" name="codeInput_4" type="tel" autocomplete="off" class="code-input text-center font-size-300 font-size-lg-500 mr-50 mr-lg-100 font-weight-bold px-100 px-lg-150 py-150 form-control" novalidate="novalidate" pattern="[0-9]*" maxlength="1" aria-autocomplete="none" aria-label="digit 4 of 5">
  <!---->
</div>"
`;
