// Jest Snapshot v1, https://goo.gl/fbAQLP

exports[`EsVideo <EsVideo /> 1`] = `
"<div>
  <es-button class="EsVideo-button text-gray-900 border-0 p-0 position-relative text-gray w-100"><img src="../es-design-system/assets/placeholder/energysage_thumbnail.png" alt="Community solar: Everything you want to know before you join" sizes="md:530px sm:275px" class="EsVideo-image d-block rounded-lg w-100"> <svg viewBox="0 0 74 54" xmlns="http://www.w3.org/2000/svg" style="height: 54px; width: 74px;" class="EsVideo-icon position-absolute">
      <path d="M73.987 24.269v-1.94c-.029-2.373-.2-4.701-.401-7.073-.172-2.056-.473-4.485-1.36-6.915-1.36-3.694-3.951-5.965-7.702-6.741-1.49-.317-2.992-.403-4.524-.475a866.577 866.577 0 0 0-8.633-.388L49.635.665h-3.479c-1.832 0-3.665 0-5.483-.086C39.37.536 38.068.536 36.765.536c-.916 0-1.847 0-2.763-.015h-.058c-.071 0-.157 0-.243.015l-2.92.086c-1.618 0-3.236.029-4.868.058-3.335.071-6.657.186-9.992.316a77.343 77.343 0 0 0-4.625.316c-4.91.431-8.332 3.076-9.634 7.418-.53 1.753-.902 3.593-1.131 5.649-.544 4.686-.53 9.43-.53 14.015v2.703c0 2.645.2 5.232.415 7.633.158 1.797.444 4.183 1.246 6.57 1.245 3.765 3.793 6.08 7.573 6.913 1.875.403 3.78.561 5.426.676 2.061.144 4.151.187 6.184.244 1.804.043 3.622.087 5.426.202.372.014.744.014 1.117 0h.63c1.088.014 2.19.043 3.278.057 2.148.043 4.28.086 6.428.086h.673c1.875 0 3.736-.043 5.612-.086 1.532-.029 3.063-.057 4.595-.072 3.02-.029 6.07-.172 8.934-.302l.5-.028c1.876-.087 3.823-.187 5.727-.475 4.18-.618 7.015-2.89 8.39-6.742.787-2.199 1.116-4.384 1.316-6.253.573-5.103.544-10.278.516-15.28v.029Z" fill="currentColor" fill-opacity=".75"></path>
      <path d="m47.56 26.023-17.152-9.948a1.114 1.114 0 0 0-1.675.963v19.88c0 .863.93 1.395 1.675.964l17.151-9.948a1.122 1.122 0 0 0 0-1.94v.029Z" fill="#fff"></path>
    </svg></es-button>
</div>"
`;

exports[`EsVideo <EsVideo props /> 1`] = `
"<div>
  <es-button class="EsVideo-button text-gray-900 border-0 p-0 position-relative text-gray w-100"><img src="../es-design-system/assets/placeholder/energysage_thumbnail.png" alt="Community solar: Everything you want to know before you join" sizes="md:530px sm:275px" class="EsVideo-image d-block rounded-lg w-100"> <svg viewBox="0 0 74 54" xmlns="http://www.w3.org/2000/svg" style="height: 54px; width: 74px;" class="EsVideo-icon position-absolute">
      <path d="M73.987 24.269v-1.94c-.029-2.373-.2-4.701-.401-7.073-.172-2.056-.473-4.485-1.36-6.915-1.36-3.694-3.951-5.965-7.702-6.741-1.49-.317-2.992-.403-4.524-.475a866.577 866.577 0 0 0-8.633-.388L49.635.665h-3.479c-1.832 0-3.665 0-5.483-.086C39.37.536 38.068.536 36.765.536c-.916 0-1.847 0-2.763-.015h-.058c-.071 0-.157 0-.243.015l-2.92.086c-1.618 0-3.236.029-4.868.058-3.335.071-6.657.186-9.992.316a77.343 77.343 0 0 0-4.625.316c-4.91.431-8.332 3.076-9.634 7.418-.53 1.753-.902 3.593-1.131 5.649-.544 4.686-.53 9.43-.53 14.015v2.703c0 2.645.2 5.232.415 7.633.158 1.797.444 4.183 1.246 6.57 1.245 3.765 3.793 6.08 7.573 6.913 1.875.403 3.78.561 5.426.676 2.061.144 4.151.187 6.184.244 1.804.043 3.622.087 5.426.202.372.014.744.014 1.117 0h.63c1.088.014 2.19.043 3.278.057 2.148.043 4.28.086 6.428.086h.673c1.875 0 3.736-.043 5.612-.086 1.532-.029 3.063-.057 4.595-.072 3.02-.029 6.07-.172 8.934-.302l.5-.028c1.876-.087 3.823-.187 5.727-.475 4.18-.618 7.015-2.89 8.39-6.742.787-2.199 1.116-4.384 1.316-6.253.573-5.103.544-10.278.516-15.28v.029Z" fill="currentColor" fill-opacity=".75"></path>
      <path d="m47.56 26.023-17.152-9.948a1.114 1.114 0 0 0-1.675.963v19.88c0 .863.93 1.395 1.675.964l17.151-9.948a1.122 1.122 0 0 0 0-1.94v.029Z" fill="#fff"></path>
    </svg></es-button>
</div>"
`;

exports[`EsVideo <EsVideo slots /> 1`] = `
"<div>
  <es-button class="EsVideo-button text-gray-900 border-0 p-0 position-relative text-gray w-100"><img src="../es-design-system/assets/placeholder/energysage_thumbnail.png" alt="Community solar: Everything you want to know before you join" sizes="md:530px sm:275px" class="EsVideo-image d-block rounded-lg w-100"> <svg viewBox="0 0 74 54" xmlns="http://www.w3.org/2000/svg" style="height: 54px; width: 74px;" class="EsVideo-icon position-absolute">
      <path d="M73.987 24.269v-1.94c-.029-2.373-.2-4.701-.401-7.073-.172-2.056-.473-4.485-1.36-6.915-1.36-3.694-3.951-5.965-7.702-6.741-1.49-.317-2.992-.403-4.524-.475a866.577 866.577 0 0 0-8.633-.388L49.635.665h-3.479c-1.832 0-3.665 0-5.483-.086C39.37.536 38.068.536 36.765.536c-.916 0-1.847 0-2.763-.015h-.058c-.071 0-.157 0-.243.015l-2.92.086c-1.618 0-3.236.029-4.868.058-3.335.071-6.657.186-9.992.316a77.343 77.343 0 0 0-4.625.316c-4.91.431-8.332 3.076-9.634 7.418-.53 1.753-.902 3.593-1.131 5.649-.544 4.686-.53 9.43-.53 14.015v2.703c0 2.645.2 5.232.415 7.633.158 1.797.444 4.183 1.246 6.57 1.245 3.765 3.793 6.08 7.573 6.913 1.875.403 3.78.561 5.426.676 2.061.144 4.151.187 6.184.244 1.804.043 3.622.087 5.426.202.372.014.744.014 1.117 0h.63c1.088.014 2.19.043 3.278.057 2.148.043 4.28.086 6.428.086h.673c1.875 0 3.736-.043 5.612-.086 1.532-.029 3.063-.057 4.595-.072 3.02-.029 6.07-.172 8.934-.302l.5-.028c1.876-.087 3.823-.187 5.727-.475 4.18-.618 7.015-2.89 8.39-6.742.787-2.199 1.116-4.384 1.316-6.253.573-5.103.544-10.278.516-15.28v.029Z" fill="currentColor" fill-opacity=".75"></path>
      <path d="m47.56 26.023-17.152-9.948a1.114 1.114 0 0 0-1.675.963v19.88c0 .863.93 1.395 1.675.964l17.151-9.948a1.122 1.122 0 0 0 0-1.94v.029Z" fill="#fff"></path>
    </svg></es-button>
</div>"
`;

exports[`EsVideo Embed exists 1`] = `
"<div>
  <div class="embed-responsive embed-responsive-16by9"><iframe allowfullscreen="allowfullscreen" src="https://www.youtube.com/embed/hgmZG3GLLNg?rel=0&amp;autoplay=1&amp;cc_load_policy=1&amp;cc_lang_pref=en" title="Community solar: Everything you want to know before you join" class="embed-responsive-item"></iframe></div>
</div>"
`;

exports[`EsVideo Image exists 1`] = `
"<div>
  <es-button class="EsVideo-button text-gray-900 border-0 p-0 position-relative text-gray w-100"><img src="../es-design-system/assets/placeholder/energysage_thumbnail.png" alt="Community solar: Everything you want to know before you join" sizes="md:530px sm:275px" class="EsVideo-image d-block rounded-lg w-100"> <svg viewBox="0 0 74 54" xmlns="http://www.w3.org/2000/svg" style="height: 54px; width: 74px;" class="EsVideo-icon position-absolute">
      <path d="M73.987 24.269v-1.94c-.029-2.373-.2-4.701-.401-7.073-.172-2.056-.473-4.485-1.36-6.915-1.36-3.694-3.951-5.965-7.702-6.741-1.49-.317-2.992-.403-4.524-.475a866.577 866.577 0 0 0-8.633-.388L49.635.665h-3.479c-1.832 0-3.665 0-5.483-.086C39.37.536 38.068.536 36.765.536c-.916 0-1.847 0-2.763-.015h-.058c-.071 0-.157 0-.243.015l-2.92.086c-1.618 0-3.236.029-4.868.058-3.335.071-6.657.186-9.992.316a77.343 77.343 0 0 0-4.625.316c-4.91.431-8.332 3.076-9.634 7.418-.53 1.753-.902 3.593-1.131 5.649-.544 4.686-.53 9.43-.53 14.015v2.703c0 2.645.2 5.232.415 7.633.158 1.797.444 4.183 1.246 6.57 1.245 3.765 3.793 6.08 7.573 6.913 1.875.403 3.78.561 5.426.676 2.061.144 4.151.187 6.184.244 1.804.043 3.622.087 5.426.202.372.014.744.014 1.117 0h.63c1.088.014 2.19.043 3.278.057 2.148.043 4.28.086 6.428.086h.673c1.875 0 3.736-.043 5.612-.086 1.532-.029 3.063-.057 4.595-.072 3.02-.029 6.07-.172 8.934-.302l.5-.028c1.876-.087 3.823-.187 5.727-.475 4.18-.618 7.015-2.89 8.39-6.742.787-2.199 1.116-4.384 1.316-6.253.573-5.103.544-10.278.516-15.28v.029Z" fill="currentColor" fill-opacity=".75"></path>
      <path d="m47.56 26.023-17.152-9.948a1.114 1.114 0 0 0-1.675.963v19.88c0 .863.93 1.395 1.675.964l17.151-9.948a1.122 1.122 0 0 0 0-1.94v.029Z" fill="#fff"></path>
    </svg></es-button>
</div>"
`;
